Flutter crash report.
Please report a bug at https://github.com/flutter/flutter/issues.

## command

flutter test test\receiver_protocol_test.dart

## exception

ShaderCompilerException: ShaderCompilerException: Shader compilation of "F:\project\flutter\packages\flutter\lib\src\material\shaders\stretch_effect.frag" to "build\unit_test_assets\shaders/stretch_effect.frag" failed with exit code -1073740791.
impellerc stdout:

impellerc stderr:




```
#0      ShaderCompiler.compileShader (package:flutter_tools/src/build_system/tools/shader_compiler.dart:196:9)
<asynchronous suspension>
#1      writeBundle.<anonymous closure> (package:flutter_tools/src/bundle_builder.dart:208:25)
<asynchronous suspension>
#2      Future.wait.<anonymous closure> (dart:async/future.dart:546:21)
<asynchronous suspension>
#3      writeBundle (package:flutter_tools/src/bundle_builder.dart:171:3)
<asynchronous suspension>
#4      TestCommand._buildTestAsset (package:flutter_tools/src/commands/test.dart:791:7)
<asynchronous suspension>
#5      TestCommand.runCommand (package:flutter_tools/src/commands/test.dart:487:7)
<asynchronous suspension>
#6      FlutterCommand.run.<anonymous closure> (package:flutter_tools/src/runner/flutter_command.dart:1590:27)
<asynchronous suspension>
#7      AppContext.run.<anonymous closure> (package:flutter_tools/src/base/context.dart:154:19)
<asynchronous suspension>
#8      CommandRunner.runCommand (package:args/command_runner.dart:212:13)
<asynchronous suspension>
#9      FlutterCommandRunner.runCommand.<anonymous closure> (package:flutter_tools/src/runner/flutter_command_runner.dart:496:9)
<asynchronous suspension>
#10     AppContext.run.<anonymous closure> (package:flutter_tools/src/base/context.dart:154:19)
<asynchronous suspension>
#11     FlutterCommandRunner.runCommand (package:flutter_tools/src/runner/flutter_command_runner.dart:431:5)
<asynchronous suspension>
#12     FlutterCommandRunner.run.<anonymous closure> (package:flutter_tools/src/runner/flutter_command_runner.dart:307:33)
<asynchronous suspension>
#13     run.<anonymous closure>.<anonymous closure> (package:flutter_tools/runner.dart:104:11)
<asynchronous suspension>
#14     AppContext.run.<anonymous closure> (package:flutter_tools/src/base/context.dart:154:19)
<asynchronous suspension>
#15     main (package:flutter_tools/executable.dart:103:3)
<asynchronous suspension>
```

## flutter doctor

```
[✓] Flutter (Channel stable, 3.41.7, on Microsoft Windows [版本 10.0.22631.4317], locale zh-CN) [1,408ms]
    • Flutter version 3.41.7 on channel stable at F:\project\flutter
    • Upstream repository https://github.com/flutter/flutter.git
    • Framework revision cc0734ac71 (2 months ago), 2026-04-15 21:21:08 -0700
    • Engine revision 59aa584fdf
    • Dart version 3.11.5
    • DevTools version 2.54.2
    • Pub download mirror https://pub.flutter-io.cn
    • Flutter download mirror https://storage.flutter-io.cn
    • Feature flags: enable-web, enable-linux-desktop, enable-macos-desktop, enable-windows-desktop, enable-android, enable-ios, cli-animations, enable-native-assets, omit-legacy-version-file, enable-lldb-debugging, enable-uiscene-migration

[✓] Windows Version (11 家庭中文版 64-bit, 23H2, 2009) [6.5s]

[!] Android toolchain - develop for Android devices (Android SDK version 36.1.0) [25.1s]
    • Android SDK at F:\env
    • Emulator version 36.5.10.0 (build_id 15081367) (CL:N/A)
    • Platform android-36.1, build-tools 36.1.0
    • Java binary at: F:\1\jbr\bin\java
      This is the JDK bundled with the latest Android Studio installation on this machine.
      To manually set the JDK path, use: `flutter config --jdk-dir="path/to/jdk"`.
    ✗ Could not determine java version
    • All Android licenses accepted.

[✓] Chrome - develop for the web [810ms]
    • Chrome at C:\Program Files\Google\Chrome\Application\chrome.exe

[✓] Visual Studio - develop Windows apps (Visual Studio 生成工具 2022 17.14.35 (June 2026)) [807ms]
    • Visual Studio at C:\Program Files (x86)\Microsoft Visual Studio\2022\BuildTools
    • Visual Studio 生成工具 2022 version 17.14.37411.7
    • Windows 10 SDK version 10.0.26100.0

[✓] Connected device (4 available) [2.2s]
    • LM G850 (mobile)  • LMG850UM9c585a15 • android-arm64  • Android 11 (API 30)
    • Windows (desktop) • windows          • windows-x64    • Microsoft Windows [版本 10.0.22631.4317]
    • Chrome (web)      • chrome           • web-javascript • Google Chrome 148.0.7778.217
    • Edge (web)        • edge             • web-javascript • Microsoft Edge 149.0.4022.80

[!] Network resources [19.6s]
    ✗ An HTTP error occurred while checking "https://github.com/": 信号灯超时时间已到

! Doctor found issues in 2 categories.
```
